// Jest Snapshot v1, https://goo.gl/fbAQLP

exports[`filmsController showFilms() should return movies ids and names 1`] = `
Array [
  Object {
    "id": "1",
    "name": "Titanic",
  },
  Object {
    "id": "2",
    "name": "Batman",
    "password": "5678",
  },
  Object {
    "id": "3",
    "name": "Piratas del Caribe",
    "password": "1234",
  },
  Object {
    "id": "4",
    "name": "Harry Potter",
  },
  Object {
    "id": "5",
    "name": "Pretty Woman",
  },
]
`;
